{
  "source": "REAL_KERNEL_CAPTURE",
  "environment": {
    "os": "Linux-6.6.87.2-microsoft-standard-WSL2-x86_64-with-glibc2.39",
    "kernel": "6.6.87.2-microsoft-standard-WSL2",
    "architecture": "x86_64",
    "uid": 0,
    "btf_readable": true,
    "active_lsm": null,
    "bpf_lsm_active": null,
    "cgroup_v2": true,
    "tools": {
      "clang": "/usr/bin/clang",
      "cc": "/usr/bin/cc",
      "make": "/usr/bin/make",
      "pkg-config": "/usr/bin/pkg-config",
      "bpftool": "/usr/sbin/bpftool"
    },
    "tracepoints": {
      "sched/sched_process_exec": true,
      "sched/sched_process_fork": true,
      "syscalls/sys_enter_openat2": true,
      "syscalls/sys_enter_ptrace": true
    },
    "load_verified": false,
    "note": "Static capability inventory only; run integration tests to prove loading and hook coverage.",
    "mem_total_kib": 7762044
  },
  "passed": true,
  "repetitions": 3,
  "workload_uid": 1000,
  "collector_returncode": 0,
  "analyzer_returncode": 0,
  "rules_seen": [
    "C01",
    "C02",
    "R01",
    "R02",
    "R03",
    "R04"
  ],
  "worker_processes": 3,
  "worker_rule_counts": {
    "R01": 3,
    "R02": 3,
    "R03": 3,
    "R04": 3,
    "C01": 3,
    "C02": 3
  },
  "normal_fixture_alerts": 0,
  "mapping_collection_requested": true,
  "c02_complete_mapping_chains": 3,
  "r04_response_eligible": 3,
  "response_ready_fixture": true,
  "response_mode": "shadow",
  "shadow_requests": 3,
  "delivery_delay_ms": {
    "p50": 256.460693,
    "p95": 265.37031160000004,
    "p99": 265.61399410999996
  }
}
