test_chain_both_correlations (test_analysis.AnalysisTests.test_chain_both_correlations) ... ok
test_correlation_window_includes_shell_to_open (test_analysis.AnalysisTests.test_correlation_window_includes_shell_to_open) ... ok
test_disabled_rule (test_analysis.AnalysisTests.test_disabled_rule) ... ok
test_duplicate_id_is_ignored (test_analysis.AnalysisTests.test_duplicate_id_is_ignored) ... ok
test_exception_requires_uid_and_exe (test_analysis.AnalysisTests.test_exception_requires_uid_and_exe) ... ok
test_exec_replacement_clears_preload (test_analysis.AnalysisTests.test_exec_replacement_clears_preload) ... ok
test_failed_exec_is_not_execution_success (test_analysis.AnalysisTests.test_failed_exec_is_not_execution_success) ... ok
test_inode_alias_matches_sensitive (test_analysis.AnalysisTests.test_inode_alias_matches_sensitive) ... ok
test_kernel_path_recovery_preserves_failure_quality (test_analysis.AnalysisTests.test_kernel_path_recovery_preserves_failure_quality) ... ok
test_late_event_does_not_retroactively_correlate (test_analysis.AnalysisTests.test_late_event_does_not_retroactively_correlate) ... ok
test_legitimate_non_sensitive_activity (test_analysis.AnalysisTests.test_legitimate_non_sensitive_activity) ... ok
test_loss_breaks_sequences (test_analysis.AnalysisTests.test_loss_breaks_sequences) ... ok
test_missing_environment_does_not_assert_preload (test_analysis.AnalysisTests.test_missing_environment_does_not_assert_preload) ... ok
test_old_shell_cannot_start_recent_correlation (test_analysis.AnalysisTests.test_old_shell_cannot_start_recent_correlation) ... ok
test_parent_cache_eviction_preserves_child_evidence (test_analysis.AnalysisTests.test_parent_cache_eviction_preserves_child_evidence) ... ok
test_parent_exec_does_not_rewrite_child_origin (test_analysis.AnalysisTests.test_parent_exec_does_not_rewrite_child_origin) ... ok
test_pid_reuse_does_not_inherit_preload (test_analysis.AnalysisTests.test_pid_reuse_does_not_inherit_preload) ... ok
test_policy_denial_distinct_from_audit (test_analysis.AnalysisTests.test_policy_denial_distinct_from_audit) ... ok
test_preload_config_rename (test_analysis.AnalysisTests.test_preload_config_rename) ... ok
test_preload_config_write_intent (test_analysis.AnalysisTests.test_preload_config_write_intent) ... ok
test_preload_library_not_in_temp_has_no_chain (test_analysis.AnalysisTests.test_preload_library_not_in_temp_has_no_chain) ... ok
test_process_cache_is_bounded (test_analysis.AnalysisTests.test_process_cache_is_bounded) ... ok
test_process_exit_retained_then_expired (test_analysis.AnalysisTests.test_process_exit_retained_then_expired) ... ok
test_ptrace_failed_not_success (test_analysis.AnalysisTests.test_ptrace_failed_not_success) ... ok
test_ptrace_read_is_not_write (test_analysis.AnalysisTests.test_ptrace_read_is_not_write) ... ok
test_reload_clears_previous_chains (test_analysis.AnalysisTests.test_reload_clears_previous_chains) ... ok
test_root_is_not_implicitly_allowed (test_analysis.AnalysisTests.test_root_is_not_implicitly_allowed) ... ok
test_temp_prefix_boundary (test_analysis.AnalysisTests.test_temp_prefix_boundary) ... ok
test_thread_exit_does_not_expire_live_process (test_analysis.AnalysisTests.test_thread_exit_does_not_expire_live_process) ... ok
test_timeout_does_not_correlate (test_analysis.AnalysisTests.test_timeout_does_not_correlate) ... ok
test_unrelated_branches_do_not_correlate (test_analysis.AnalysisTests.test_unrelated_branches_do_not_correlate) ... ok
test_frames_fragmented_and_combined (test_analysis.InfrastructureTests.test_frames_fragmented_and_combined) ... ok
test_invalid_and_truncated_frames (test_analysis.InfrastructureTests.test_invalid_and_truncated_frames) ... ok
test_invalid_config_does_not_replace_engine (test_analysis.InfrastructureTests.test_invalid_config_does_not_replace_engine) ... ok
test_log_rotation_preserves_valid_json (test_analysis.InfrastructureTests.test_log_rotation_preserves_valid_json) ... ok
test_pipeline_reorder_idempotency_and_html_escape (test_analysis.InfrastructureTests.test_pipeline_reorder_idempotency_and_html_escape) ... ok
test_schema_rejects_invalid_types (test_analysis.InfrastructureTests.test_schema_rejects_invalid_types) ... ok
test_snapshot_parent_matches_exact_bpf_start (test_analysis.InfrastructureTests.test_snapshot_parent_matches_exact_bpf_start) ... ok
test_diagnostics_cannot_enable_enforcement (test_collector_cli.CollectorOptionsTests.test_diagnostics_cannot_enable_enforcement) ... ok
test_diagnostics_cannot_replace_analysis (test_collector_cli.CollectorOptionsTests.test_diagnostics_cannot_replace_analysis) ... ok
test_invalid_batch_intervals_fail_before_load (test_collector_cli.CollectorOptionsTests.test_invalid_batch_intervals_fail_before_load) ... ok
test_invalid_shutdown_deadline_fails_before_load (test_collector_cli.CollectorOptionsTests.test_invalid_shutdown_deadline_fails_before_load) ... ok
test_identity_scope_idempotency_expiry_revoke_and_replacement (test_control.ControlTests.test_identity_scope_idempotency_expiry_revoke_and_replacement) ... ok
test_exit_heap_remains_bounded_under_eviction (test_expiry.ExpiryTests.test_exit_heap_remains_bounded_under_eviction) ... ok
test_expiry_boundary_and_changed_ttl (test_expiry.ExpiryTests.test_expiry_boundary_and_changed_ttl) ... ok
test_pairing_failure_and_reconnect_break_correlations (test_expiry.ExpiryTests.test_pairing_failure_and_reconnect_break_correlations) ... ok
test_stale_expiry_cannot_delete_recreated_cache_entry (test_expiry.ExpiryTests.test_stale_expiry_cannot_delete_recreated_cache_entry) ... ok
test_compact_records_preserve_all_json_fields (test_record_codec.RecordCodecTests.test_compact_records_preserve_all_json_fields) ... ok
test_live_reload_rejections_preserve_rules_and_idle_reload_applies (test_reload.ReloadTests.test_live_reload_rejections_preserve_rules_and_idle_reload_applies) ... ok
test_nested_invalid_config_is_rejected (test_reload.ReloadTests.test_nested_invalid_config_is_rejected) ... ok
test_reload_refreshes_sensitive_objects (test_reload.ReloadTests.test_reload_refreshes_sensitive_objects) ... ok
test_ack_proves_database_and_logs_flushed_before_exit (test_shutdown.ShutdownTests.test_ack_proves_database_and_logs_flushed_before_exit) ... ok
test_eof_without_stop_fails_supervised_listener (test_shutdown.ShutdownTests.test_eof_without_stop_fails_supervised_listener) ... ok
test_log_flush_failure_does_not_send_commit_ack (test_shutdown.ShutdownTests.test_log_flush_failure_does_not_send_commit_ack) ... ok
test_missing_ack_is_failure_even_when_queue_is_empty (test_shutdown.ShutdownTests.test_missing_ack_is_failure_even_when_queue_is_empty) ... ok
test_peer_disconnect_before_ack_is_failure (test_shutdown.ShutdownTests.test_peer_disconnect_before_ack_is_failure) ... ok
test_slow_reader_drains_more_than_queue_capacity_and_fragmented_ack (test_shutdown.ShutdownTests.test_slow_reader_drains_more_than_queue_capacity_and_fragmented_ack) ... ok
test_stalled_reader_has_bounded_failure (test_shutdown.ShutdownTests.test_stalled_reader_has_bounded_failure) ... ok
test_truncated_tail_never_acknowledged (test_shutdown.ShutdownTests.test_truncated_tail_never_acknowledged) ... ok
test_wrong_ack_is_not_accepted (test_shutdown.ShutdownTests.test_wrong_ack_is_not_accepted) ... ok
test_collector_keeps_auth_session_but_has_separate_signal_group (test_supervisor.SupervisorTests.test_collector_keeps_auth_session_but_has_separate_signal_group) ... ok
test_application_interval_is_not_syscall_exit_time (test_v4.V4Tests.test_application_interval_is_not_syscall_exit_time) ... ok
test_control_rejects_arbitrary_fields_or_strings (test_v4.V4Tests.test_control_rejects_arbitrary_fields_or_strings) ... ok
test_exec_token_change_and_session_prevent_correlation (test_v4.V4Tests.test_exec_token_change_and_session_prevent_correlation) ... ok
test_failed_exec_and_non_service_do_not_arm (test_v4.V4Tests.test_failed_exec_and_non_service_do_not_arm) ... ok
test_filter_equivalence_with_reordering_and_loading (test_v4.V4Tests.test_filter_equivalence_with_reordering_and_loading) ... ok
test_loss_and_late_block_response (test_v4.V4Tests.test_loss_and_late_block_response) ... ok
test_mapping_success_object_and_result_required (test_v4.V4Tests.test_mapping_success_object_and_result_required) ... ok
test_missing_mapping_never_claims_complete_c02 (test_v4.V4Tests.test_missing_mapping_never_claims_complete_c02) ... ok
test_native_sequence_and_legacy_audit (test_v4.V4Tests.test_native_sequence_and_legacy_audit) ... ok
test_r04_outside_sequence_window_cannot_request (test_v4.V4Tests.test_r04_outside_sequence_window_cannot_request) ... ok
test_repeat_replay_does_not_duplicate_response (test_v4.V4Tests.test_repeat_replay_does_not_duplicate_response) ... ok
test_response_shadow_replay_and_ambiguous_ack (test_v4.V4Tests.test_response_shadow_replay_and_ambiguous_ack) ... ok
test_schema_clock_and_missing_identity_rejected (test_v4.V4Tests.test_schema_clock_and_missing_identity_rejected) ... ok
test_shell_quality_propagates_to_precondition (test_v4.V4Tests.test_shell_quality_propagates_to_precondition) ... ok

----------------------------------------------------------------------
Ran 75 tests in 9.917s

OK
