{
  "source": "REAL_KERNEL_CAPTURE",
  "environment": {
    "os": "Linux-6.6.87.2-microsoft-standard-WSL2-x86_64-with-glibc2.39",
    "kernel": "6.6.87.2-microsoft-standard-WSL2",
    "architecture": "x86_64",
    "uid": 0,
    "btf_readable": true,
    "active_lsm": null,
    "bpf_lsm_active": null,
    "cgroup_v2": true,
    "tools": {
      "clang": "/usr/bin/clang",
      "cc": "/usr/bin/cc",
      "make": "/usr/bin/make",
      "pkg-config": "/usr/bin/pkg-config",
      "bpftool": "/usr/sbin/bpftool"
    },
    "tracepoints": {
      "sched/sched_process_exec": true,
      "sched/sched_process_fork": true,
      "syscalls/sys_enter_openat2": true,
      "syscalls/sys_enter_ptrace": true
    },
    "load_verified": false,
    "note": "Static capability inventory only; run integration tests to prove loading and hook coverage.",
    "mem_total_kib": 7762044
  },
  "passed": true,
  "repetitions": 1,
  "workload_uid": 0,
  "collector_returncode": 0,
  "analyzer_returncode": 0,
  "rules_seen": [
    "C01",
    "C02",
    "R01",
    "R02",
    "R03",
    "R04"
  ],
  "worker_processes": 1,
  "worker_rule_counts": {
    "R01": 1,
    "R02": 1,
    "R03": 1,
    "R04": 1,
    "C01": 1,
    "C02": 1
  },
  "normal_fixture_alerts": 0,
  "delivery_delay_ms": {
    "p50": 262.21435499999995,
    "p95": 262.4623736,
    "p99": 262.50117711999997
  }
}
