Monitoring output: /tmp/ebpf-v4-native-ovc7f84w/shutdown/session
Press Ctrl+C once; capture will stop, then analysis will drain.
{"collector_pid": 591, "analyzer_pid": 590}
{
  "source": "V4_SUPERVISED_LIVE",
  "passed": true,
  "output": "/tmp/ebpf-v4-native-ovc7f84w/shutdown/session",
  "mode": "audit",
  "collector_exit": 0,
  "analyzer_exit": 0,
  "stop_requested": true,
  "shutdown": {
    "shutdown_unsent": 0,
    "shutdown_queue_lost": 0,
    "transport_disconnects": 0,
    "shutdown_acknowledged": true,
    "shutdown_error": 0
  },
  "final_metrics": {
    "events_attempted": 1,
    "ring_lost": 0,
    "map_fail": 0,
    "unpaired": 0,
    "denied": 0,
    "filtered": 0,
    "queue_lost": 0,
    "queue_depth": 0,
    "transport_disconnects": 0
  },
  "capture_loss_free": true
}
